warning: Git tree '/home/chriskim/dotfiles' is dirty
building the system configuration...
warning: Git tree '/home/chriskim/dotfiles' is dirty
these 7 derivations will be built:
  /nix/store/v10dnzvaqh45421wn8n6yrypl6y7ah9d-home-manager-files.drv
  /nix/store/6vl80l62gsmqpchbqckw2z9nsflzfy4d-home-manager-generation.drv
  /nix/store/1ix92wqh06m7zp5vaf6rmpbwzbpyxsfc-unit-home-manager-chriskim.service.drv
  /nix/store/h0sm5xvr9qnhlkaz87dyydp9c001k2gx-system-units.drv
  /nix/store/pqsn97x5m8ncpd8pmf6rsn6snvvdrnb9-etc.drv
  /nix/store/dahdjd1vwgv7d6nahp6ivdxykfqdzvs0-activate.drv
  /nix/store/i8ix8nbqx84bbrdpa8srbh8d2q3mlim3-nixos-system-AppleII-26.05.20260204.00c21e4.drv
building '/nix/store/v10dnzvaqh45421wn8n6yrypl6y7ah9d-home-manager-files.drv'...
building '/nix/store/6vl80l62gsmqpchbqckw2z9nsflzfy4d-home-manager-generation.drv'...
building '/nix/store/1ix92wqh06m7zp5vaf6rmpbwzbpyxsfc-unit-home-manager-chriskim.service.drv'...
building '/nix/store/h0sm5xvr9qnhlkaz87dyydp9c001k2gx-system-units.drv'...
building '/nix/store/pqsn97x5m8ncpd8pmf6rsn6snvvdrnb9-etc.drv'...
building '/nix/store/dahdjd1vwgv7d6nahp6ivdxykfqdzvs0-activate.drv'...
building '/nix/store/i8ix8nbqx84bbrdpa8srbh8d2q3mlim3-nixos-system-AppleII-26.05.20260204.00c21e4.drv'...
Checking switch inhibitors... done
activating the configuration...
setting up /etc...
reloading user units for chriskim...
restarting sysinit-reactivation.target
restarting the following units: home-manager-chriskim.service
the following new units were started: fprintd.service, NetworkManager-dispatcher.service
Done. The new configuration is /nix/store/n6p10rzvd7p5j0ky711r329nb2ixhijc-nixos-system-AppleII-26.05.20260204.00c21e4
